[tender-bartik-074feb.netlify.app/index.html]
[ajax.googleapis.com/ajax/libs/jquery/1.11.0/jquery.min.js]
[tender-bartik-074feb.netlify.app/assets/js/contact_form.js]
[backblue.gif]
[fade.gif]
[index.html]
[tender-bartik-074feb.netlify.app/assets/js/jQuery.js]
[tender-bartik-074feb.netlify.app/assets/css/main.css]
[tender-bartik-074feb.netlify.app/assets/images/profile-image.jpg]
[github.com/bgoonz.html]
[tender-bartik-074feb.netlify.app/images/pic01.jpg]
[goofy-euclid-1cd736.netlify.app/core-site/index.html]
[tender-bartik-074feb.netlify.app/images/pic02.jpg]
[goofy-euclid-1cd736.netlify.app/index.html]
[tender-bartik-074feb.netlify.app/images/pic03.jpg]
[eloquent-sammet-ba1810.netlify.app/index.html]
[gracious-raman-474030.netlify.app/index.html]
[onedrive.live.com/embed020d.html]
[onedrive.live.com/embed7eb4.html]
[i.pinimg.com/originals/18/e0/64/18e0641748101b3f7275f5723d4405f0.gif]
[tender-bartik-074feb.netlify.app/assets/images/learning.jpg]
[tender-bartik-074feb.netlify.app/assets/images/brain.jpg]
[tender-bartik-074feb.netlify.app/about.html]
[www.youtube.com/embed/videoseries74dc.html]
[tender-bartik-074feb.netlify.app/assets/js/jquery.scrollex.min.js]
[tender-bartik-074feb.netlify.app/assets/js/jquery.scrolly.min.js]
[tender-bartik-074feb.netlify.app/assets/js/browser.min.js]
[tender-bartik-074feb.netlify.app/assets/js/breakpoints.min.js]
[tender-bartik-074feb.netlify.app/assets/js/util.js]
[tender-bartik-074feb.netlify.app/assets/js/jquery.min.js]
[tender-bartik-074feb.netlify.app/index.html]
[tender-bartik-074feb.netlify.app/assets/css/contact_form.css]
[tender-bartik-074feb.netlify.app/assets/js/main.js]
[tender-bartik-074feb.netlify.app/assets/css/main.css]
[tender-bartik-074feb.netlify.app/assets/css/noscript.css]
[tender-bartik-074feb.netlify.app/assets/css/fontawesome-all.min.css]
[github.githubassets.com/index.html]
[github.githubassets.com/assets/frameworks-86f0fb4e88bd08be2e853fe2e8c595d8.css]
[github.githubassets.com/assets/site-ed9586e36faec2fdb4c506503d402605.css]
[github.githubassets.com/assets/behaviors-c47a2772edfb8566eb9d134ccc4541e9.css]
[github.githubassets.com/assets/environment-f0adafbf.js]
[github.githubassets.com/assets/github-95442d2c135f9cf64636b5d905daac09.css]
[github.githubassets.com/assets/chunk-frameworks-b9e826ce.js]
[github.githubassets.com/assets/chunk-vendor-3ae49f1d.js]
[github.githubassets.com/assets/profile-dc195b13.js]
[github.githubassets.com/assets/behaviors-fe2f9320.js]
[github.com/opensearch.xml]
[github.com/fluidicon.png]
[github.githubassets.com/favicons/favicon.png]
[github.com/manifest.json]
[github.com/index.html]
[github.com/join4723.html]
[github.com/features.html]
[github.com/features/actions.html]
[github.com/features/codespaces.html]
[github.com/features/packages.html]
[github.com/features/security.html]
[github.com/mobile.html]
[github.com/bgoonz.html]
[www.instagram.com/bgoonz/index.html]
[www.linkedin.com/in/bryan-guner-046199128/index.html]
[goofy-euclid-1cd736.netlify.app/index.html]
[goofy-euclid-1cd736.netlify.app/core-site/index.html]
[eloquent-sammet-ba1810.netlify.app/index.html]
[gracious-raman-474030.netlify.app/index.html]
[onedrive.live.com/embed020d.html]
[office.com/index.html]
[office.com/indexc3fc.html]
[onedrive.live.com/embed7eb4.html]
[www.youtube.com/embed/videoseries74dc.html]
[github.com/features/integrations.html]
[github.com/features/code-review/index.html]
[docs.google.com/presentation/d/e/2PACX-1vSFvsw5kPGzq0D5KrRQoKTQI05sjeMbsMKqGvLwZA6ZFfDP6mAQD9dRubOeennDOP-UZmOJegN1IxKs/embed3a5b.html]
[docs.google.com/presentation/d/e/2PACX-1vSFvsw5kPGzq0D5KrRQoKTQI05sjeMbsMKqGvLwZA6ZFfDP6mAQD9dRubOeennDOP-UZmOJegN1IxKs/embed3a5b.html]
[tender-bartik-074feb.netlify.app/about.html]
[tender-bartik-074feb.netlify.app/assets/css/fontawesome-all.min.css]
[tender-bartik-074feb.netlify.app/assets/css/images/intro.svg]
[github.githubassets.com/index.html]
[avatars.githubusercontent.com/index.html]
[github-cloud.s3.amazonaws.com/index.html]
[user-images.githubusercontent.com/index.html]
[github.githubassets.com/assets/frameworks-86f0fb4e88bd08be2e853fe2e8c595d8.css]
[github.githubassets.com/assets/site-ed9586e36faec2fdb4c506503d402605.css]
[github.githubassets.com/assets/behaviors-c47a2772edfb8566eb9d134ccc4541e9.css]
[github.githubassets.com/assets/github-95442d2c135f9cf64636b5d905daac09.css]
[github.githubassets.com/pinned-octocat.svg]
[github.githubassets.com/favicons/favicon.svg]
[github.com/index.html]
[github.com/join4723.html]
[github.com/features.html]
[github.com/mobile.html]
[github.com/features/actions.html]
[github.com/features/codespaces.html]
[github.com/features/packages.html]
[github.com/features/security.html]
[github.com/features/code-review/index.html]
[github.com/features/project-management/index.html]
[github.com/features/integrations.html]
[github.com/sponsors.html]
